<testsuites name="results">
  <testsuite name="all" package="all">
    <property name="random_seed" value="1729402631" />
  </testsuite>
</testsuites>
